DEB [20260916-08:27:55.845] thr=1   paramiko.transport: starting thread (client mode): 0xb7447770
DEB [20260916-08:27:55.846] thr=1   paramiko.transport: Local version/idstring: SSH-2.0-paramiko_5.0.0
DEB [20260916-08:27:55.892] thr=1   paramiko.transport: Remote version/idstring: SSH-2.0-OpenSSH_5.3
INF [20260916-08:27:55.892] thr=1   paramiko.transport: Connected (version 2.0, client OpenSSH_5.3)
DEB [20260916-08:27:55.922] thr=1   paramiko.transport: === Key exchange possibilities ===
DEB [20260916-08:27:55.922] thr=1   paramiko.transport: kex algos: diffie-hellman-group-exchange-sha256, diffie-hellman-group-exchange-sha1, diffie-hellman-group14-sha1, diffie-hellman-group1-sha1
DEB [20260916-08:27:55.922] thr=1   paramiko.transport: server key: ssh-rsa, ssh-dss
DEB [20260916-08:27:55.922] thr=1   paramiko.transport: client encrypt: aes128-ctr, aes192-ctr, aes256-ctr, arcfour256, arcfour128, aes128-cbc, 3des-cbc, blowfish-cbc, cast128-cbc, aes192-cbc, aes256-cbc, arcfour, rijndael-cbc@lysator.liu.se
DEB [20260916-08:27:55.922] thr=1   paramiko.transport: server encrypt: aes128-ctr, aes192-ctr, aes256-ctr, arcfour256, arcfour128, aes128-cbc, 3des-cbc, blowfish-cbc, cast128-cbc, aes192-cbc, aes256-cbc, arcfour, rijndael-cbc@lysator.liu.se
DEB [20260916-08:27:55.922] thr=1   paramiko.transport: client mac: hmac-md5, hmac-sha1, umac-64@openssh.com, hmac-sha2-256, hmac-sha2-512, hmac-ripemd160, hmac-ripemd160@openssh.com, hmac-sha1-96, hmac-md5-96
DEB [20260916-08:27:55.922] thr=1   paramiko.transport: server mac: hmac-md5, hmac-sha1, umac-64@openssh.com, hmac-sha2-256, hmac-sha2-512, hmac-ripemd160, hmac-ripemd160@openssh.com, hmac-sha1-96, hmac-md5-96
DEB [20260916-08:27:55.922] thr=1   paramiko.transport: client compress: none, zlib@openssh.com
DEB [20260916-08:27:55.923] thr=1   paramiko.transport: server compress: none, zlib@openssh.com
DEB [20260916-08:27:55.923] thr=1   paramiko.transport: client lang: <none>
DEB [20260916-08:27:55.923] thr=1   paramiko.transport: server lang: <none>
DEB [20260916-08:27:55.923] thr=1   paramiko.transport: kex follows: False
DEB [20260916-08:27:55.923] thr=1   paramiko.transport: === Key exchange agreements ===
DEB [20260916-08:27:55.923] thr=1   paramiko.transport: Kex: diffie-hellman-group-exchange-sha256
ERR [20260916-08:27:55.923] thr=1   paramiko.transport: Exception (client): Incompatible ssh peer (no acceptable host key)
ERR [20260916-08:27:55.924] thr=1   paramiko.transport: Traceback (most recent call last):
ERR [20260916-08:27:55.925] thr=1   paramiko.transport:   File "C:\Users\ferre\AppData\Local\Python\pythoncore-3.14-64\Lib\site-packages\paramiko\transport.py", line 2080, in run
ERR [20260916-08:27:55.925] thr=1   paramiko.transport:     self._handler_table[ptype](m)
ERR [20260916-08:27:55.925] thr=1   paramiko.transport:     ~~~~~~~~~~~~~~~~~~~~~~~~~~^^^
ERR [20260916-08:27:55.925] thr=1   paramiko.transport:   File "C:\Users\ferre\AppData\Local\Python\pythoncore-3.14-64\Lib\site-packages\paramiko\transport.py", line 2200, in _negotiate_keys
ERR [20260916-08:27:55.925] thr=1   paramiko.transport:     self._parse_kex_init(m)
ERR [20260916-08:27:55.925] thr=1   paramiko.transport:     ~~~~~~~~~~~~~~~~~~~~^^^
ERR [20260916-08:27:55.925] thr=1   paramiko.transport:   File "C:\Users\ferre\AppData\Local\Python\pythoncore-3.14-64\Lib\site-packages\paramiko\transport.py", line 2451, in _parse_kex_init
ERR [20260916-08:27:55.925] thr=1   paramiko.transport:     raise IncompatiblePeer(
ERR [20260916-08:27:55.925] thr=1   paramiko.transport:     ^^^^^^^^^^^^^^^^^^^^^^^
ERR [20260916-08:27:55.925] thr=1   paramiko.transport:         "Incompatible ssh peer (no acceptable host key)"
ERR [20260916-08:27:55.925] thr=1   paramiko.transport:         ^^^^^^^^^^^^^^^^^^^^^^^^^^^^^^^^^^^^^^^^^^^^^^^^
ERR [20260916-08:27:55.925] thr=1   paramiko.transport:     )  # noqa
ERR [20260916-08:27:55.925] thr=1   paramiko.transport:     ^
ERR [20260916-08:27:55.925] thr=1   paramiko.transport: paramiko.ssh_exception.IncompatiblePeer: Incompatible ssh peer (no acceptable host key)
ERR [20260916-08:27:55.925] thr=1   paramiko.transport: 
DEB [20260916-08:28:03.720] thr=1   paramiko.transport: starting thread (client mode): 0x7ff67770
DEB [20260916-08:28:03.720] thr=1   paramiko.transport: Local version/idstring: SSH-2.0-paramiko_5.0.0
DEB [20260916-08:28:03.771] thr=1   paramiko.transport: Remote version/idstring: SSH-2.0-OpenSSH_5.3
INF [20260916-08:28:03.771] thr=1   paramiko.transport: Connected (version 2.0, client OpenSSH_5.3)
DEB [20260916-08:28:03.803] thr=1   paramiko.transport: === Key exchange possibilities ===
DEB [20260916-08:28:03.803] thr=1   paramiko.transport: kex algos: diffie-hellman-group-exchange-sha256, diffie-hellman-group-exchange-sha1, diffie-hellman-group14-sha1, diffie-hellman-group1-sha1
DEB [20260916-08:28:03.803] thr=1   paramiko.transport: server key: ssh-rsa, ssh-dss
DEB [20260916-08:28:03.803] thr=1   paramiko.transport: client encrypt: aes128-ctr, aes192-ctr, aes256-ctr, arcfour256, arcfour128, aes128-cbc, 3des-cbc, blowfish-cbc, cast128-cbc, aes192-cbc, aes256-cbc, arcfour, rijndael-cbc@lysator.liu.se
DEB [20260916-08:28:03.803] thr=1   paramiko.transport: server encrypt: aes128-ctr, aes192-ctr, aes256-ctr, arcfour256, arcfour128, aes128-cbc, 3des-cbc, blowfish-cbc, cast128-cbc, aes192-cbc, aes256-cbc, arcfour, rijndael-cbc@lysator.liu.se
DEB [20260916-08:28:03.803] thr=1   paramiko.transport: client mac: hmac-md5, hmac-sha1, umac-64@openssh.com, hmac-sha2-256, hmac-sha2-512, hmac-ripemd160, hmac-ripemd160@openssh.com, hmac-sha1-96, hmac-md5-96
DEB [20260916-08:28:03.804] thr=1   paramiko.transport: server mac: hmac-md5, hmac-sha1, umac-64@openssh.com, hmac-sha2-256, hmac-sha2-512, hmac-ripemd160, hmac-ripemd160@openssh.com, hmac-sha1-96, hmac-md5-96
DEB [20260916-08:28:03.804] thr=1   paramiko.transport: client compress: none, zlib@openssh.com
DEB [20260916-08:28:03.804] thr=1   paramiko.transport: server compress: none, zlib@openssh.com
DEB [20260916-08:28:03.804] thr=1   paramiko.transport: client lang: <none>
DEB [20260916-08:28:03.804] thr=1   paramiko.transport: server lang: <none>
DEB [20260916-08:28:03.804] thr=1   paramiko.transport: kex follows: False
DEB [20260916-08:28:03.804] thr=1   paramiko.transport: === Key exchange agreements ===
DEB [20260916-08:28:03.804] thr=1   paramiko.transport: Kex: diffie-hellman-group-exchange-sha256
ERR [20260916-08:28:03.804] thr=1   paramiko.transport: Exception (client): Incompatible ssh peer (no acceptable host key)
ERR [20260916-08:28:03.806] thr=1   paramiko.transport: Traceback (most recent call last):
ERR [20260916-08:28:03.806] thr=1   paramiko.transport:   File "C:\Users\ferre\AppData\Local\Python\pythoncore-3.14-64\Lib\site-packages\paramiko\transport.py", line 2080, in run
ERR [20260916-08:28:03.806] thr=1   paramiko.transport:     self._handler_table[ptype](m)
ERR [20260916-08:28:03.806] thr=1   paramiko.transport:     ~~~~~~~~~~~~~~~~~~~~~~~~~~^^^
ERR [20260916-08:28:03.806] thr=1   paramiko.transport:   File "C:\Users\ferre\AppData\Local\Python\pythoncore-3.14-64\Lib\site-packages\paramiko\transport.py", line 2200, in _negotiate_keys
ERR [20260916-08:28:03.806] thr=1   paramiko.transport:     self._parse_kex_init(m)
ERR [20260916-08:28:03.806] thr=1   paramiko.transport:     ~~~~~~~~~~~~~~~~~~~~^^^
ERR [20260916-08:28:03.806] thr=1   paramiko.transport:   File "C:\Users\ferre\AppData\Local\Python\pythoncore-3.14-64\Lib\site-packages\paramiko\transport.py", line 2451, in _parse_kex_init
ERR [20260916-08:28:03.806] thr=1   paramiko.transport:     raise IncompatiblePeer(
ERR [20260916-08:28:03.806] thr=1   paramiko.transport:     ^^^^^^^^^^^^^^^^^^^^^^^
ERR [20260916-08:28:03.806] thr=1   paramiko.transport:         "Incompatible ssh peer (no acceptable host key)"
ERR [20260916-08:28:03.806] thr=1   paramiko.transport:         ^^^^^^^^^^^^^^^^^^^^^^^^^^^^^^^^^^^^^^^^^^^^^^^^
ERR [20260916-08:28:03.806] thr=1   paramiko.transport:     )  # noqa
ERR [20260916-08:28:03.806] thr=1   paramiko.transport:     ^
ERR [20260916-08:28:03.806] thr=1   paramiko.transport: paramiko.ssh_exception.IncompatiblePeer: Incompatible ssh peer (no acceptable host key)
ERR [20260916-08:28:03.806] thr=1   paramiko.transport: 
